[debug] [2025-07-25T18:03:33.241Z] ----------------------------------------------------------------------
[debug] [2025-07-25T18:03:33.244Z] Command:       C:\Program Files\nodejs\node.exe C:\Users\richa\AppData\Roaming\npm\node_modules\firebase-tools\lib\bin\firebase.js deploy --only hosting
[debug] [2025-07-25T18:03:33.244Z] CLI Version:   14.9.0
[debug] [2025-07-25T18:03:33.245Z] Platform:      win32
[debug] [2025-07-25T18:03:33.245Z] Node Version:  v22.16.0
[debug] [2025-07-25T18:03:33.246Z] Time:          Fri Jul 25 2025 14:03:33 GMT-0400 (Eastern Daylight Time)
[debug] [2025-07-25T18:03:33.246Z] ----------------------------------------------------------------------
[debug] 
[debug] [2025-07-25T18:03:33.249Z] >>> [apiv2][query] GET https://firebase-public.firebaseio.com/cli.json [none]
[debug] [2025-07-25T18:03:33.509Z] > command requires scopes: ["email","openid","https://www.googleapis.com/auth/cloudplatformprojects.readonly","https://www.googleapis.com/auth/firebase","https://www.googleapis.com/auth/cloud-platform"]
[debug] [2025-07-25T18:03:33.510Z] > authorizing via signed-in user (richardgurudeo@gmail.com)
[debug] [2025-07-25T18:03:33.510Z] [iam] checking project learning-pwa-app for permissions ["firebase.projects.get","firebasehosting.sites.update"]
[debug] [2025-07-25T18:03:33.510Z] Checked if tokens are valid: false, expires at: 1752722943574
[debug] [2025-07-25T18:03:33.510Z] Checked if tokens are valid: false, expires at: 1752722943574
[debug] [2025-07-25T18:03:33.511Z] > refreshing access token with scopes: []
[debug] [2025-07-25T18:03:33.511Z] >>> [apiv2][query] POST https://www.googleapis.com/oauth2/v3/token [none]
[debug] [2025-07-25T18:03:33.511Z] >>> [apiv2][body] POST https://www.googleapis.com/oauth2/v3/token [omitted]
[debug] [2025-07-25T18:03:33.696Z] <<< [apiv2][status] GET https://firebase-public.firebaseio.com/cli.json 200
[debug] [2025-07-25T18:03:33.696Z] <<< [apiv2][body] GET https://firebase-public.firebaseio.com/cli.json {"cloudBuildErrorAfter":1594252800000,"cloudBuildWarnAfter":1590019200000,"defaultNode10After":1594252800000,"minVersion":"3.0.5","node8DeploysDisabledAfter":1613390400000,"node8RuntimeDisabledAfter":1615809600000,"node8WarnAfter":1600128000000}
[debug] [2025-07-25T18:03:33.705Z] <<< [apiv2][status] POST https://www.googleapis.com/oauth2/v3/token 200
[debug] [2025-07-25T18:03:33.705Z] <<< [apiv2][body] POST https://www.googleapis.com/oauth2/v3/token [omitted]
[debug] [2025-07-25T18:03:33.710Z] >>> [apiv2][query] POST https://cloudresourcemanager.googleapis.com/v1/projects/learning-pwa-app:testIamPermissions [none]
[debug] [2025-07-25T18:03:33.710Z] >>> [apiv2][(partial)header] POST https://cloudresourcemanager.googleapis.com/v1/projects/learning-pwa-app:testIamPermissions x-goog-quota-user=projects/learning-pwa-app
[debug] [2025-07-25T18:03:33.710Z] >>> [apiv2][body] POST https://cloudresourcemanager.googleapis.com/v1/projects/learning-pwa-app:testIamPermissions {"permissions":["firebase.projects.get","firebasehosting.sites.update"]}
[debug] [2025-07-25T18:03:34.198Z] <<< [apiv2][status] POST https://cloudresourcemanager.googleapis.com/v1/projects/learning-pwa-app:testIamPermissions 200
[debug] [2025-07-25T18:03:34.198Z] <<< [apiv2][body] POST https://cloudresourcemanager.googleapis.com/v1/projects/learning-pwa-app:testIamPermissions {}
[debug] [2025-07-25T18:03:34.198Z] [iam] error while checking permissions, command may fail: Authorization failed. This account is missing the following required permissions on project learning-pwa-app:

  firebase.projects.get
  firebasehosting.sites.update
[debug] [2025-07-25T18:03:34.199Z] Checked if tokens are valid: true, expires at: 1753470212705
[debug] [2025-07-25T18:03:34.199Z] Checked if tokens are valid: true, expires at: 1753470212705
[debug] [2025-07-25T18:03:34.199Z] >>> [apiv2][query] GET https://firebase.googleapis.com/v1beta1/projects/learning-pwa-app [none]
[debug] [2025-07-25T18:03:34.594Z] <<< [apiv2][status] GET https://firebase.googleapis.com/v1beta1/projects/learning-pwa-app 403
[debug] [2025-07-25T18:03:34.595Z] <<< [apiv2][body] GET https://firebase.googleapis.com/v1beta1/projects/learning-pwa-app {"error":{"code":403,"message":"The caller does not have permission","status":"PERMISSION_DENIED"}}
[debug] [2025-07-25T18:03:34.595Z] Request to https://firebase.googleapis.com/v1beta1/projects/learning-pwa-app had HTTP Error: 403, The caller does not have permission
[debug] [2025-07-25T18:03:34.693Z] FirebaseError: Request to https://firebase.googleapis.com/v1beta1/projects/learning-pwa-app had HTTP Error: 403, The caller does not have permission
    at responseToError (C:\Users\richa\AppData\Roaming\npm\node_modules\firebase-tools\lib\responseToError.js:52:12)
    at RetryOperation._fn (C:\Users\richa\AppData\Roaming\npm\node_modules\firebase-tools\lib\apiv2.js:312:77)
    at process.processTicksAndRejections (node:internal/process/task_queues:105:5)
[error] 
[error] Error: Failed to get Firebase project learning-pwa-app. Please make sure the project exists and your account has permission to access it.
[debug] [2025-07-25T18:04:51.097Z] ----------------------------------------------------------------------
[debug] [2025-07-25T18:04:51.099Z] Command:       C:\Program Files\nodejs\node.exe C:\Users\richa\AppData\Roaming\npm\node_modules\firebase-tools\lib\bin\firebase.js deploy --only hosting
[debug] [2025-07-25T18:04:51.100Z] CLI Version:   14.11.1
[debug] [2025-07-25T18:04:51.100Z] Platform:      win32
[debug] [2025-07-25T18:04:51.100Z] Node Version:  v22.16.0
[debug] [2025-07-25T18:04:51.100Z] Time:          Fri Jul 25 2025 14:04:51 GMT-0400 (Eastern Daylight Time)
[debug] [2025-07-25T18:04:51.100Z] ----------------------------------------------------------------------
[debug] 
[debug] [2025-07-25T18:04:51.305Z] > command requires scopes: ["email","openid","https://www.googleapis.com/auth/cloudplatformprojects.readonly","https://www.googleapis.com/auth/firebase","https://www.googleapis.com/auth/cloud-platform"]
[debug] [2025-07-25T18:04:51.305Z] > authorizing via signed-in user (richardgurudeo@gmail.com)
[debug] [2025-07-25T18:04:51.306Z] [iam] checking project learning-pwa-app for permissions ["firebase.projects.get","firebasehosting.sites.update"]
[debug] [2025-07-25T18:04:51.307Z] Checked if tokens are valid: true, expires at: 1753470212705
[debug] [2025-07-25T18:04:51.307Z] Checked if tokens are valid: true, expires at: 1753470212705
[debug] [2025-07-25T18:04:51.307Z] >>> [apiv2][query] POST https://cloudresourcemanager.googleapis.com/v1/projects/learning-pwa-app:testIamPermissions [none]
[debug] [2025-07-25T18:04:51.308Z] >>> [apiv2][(partial)header] POST https://cloudresourcemanager.googleapis.com/v1/projects/learning-pwa-app:testIamPermissions x-goog-quota-user=projects/learning-pwa-app
[debug] [2025-07-25T18:04:51.308Z] >>> [apiv2][body] POST https://cloudresourcemanager.googleapis.com/v1/projects/learning-pwa-app:testIamPermissions {"permissions":["firebase.projects.get","firebasehosting.sites.update"]}
[debug] [2025-07-25T18:04:51.699Z] <<< [apiv2][status] POST https://cloudresourcemanager.googleapis.com/v1/projects/learning-pwa-app:testIamPermissions 200
[debug] [2025-07-25T18:04:51.699Z] <<< [apiv2][body] POST https://cloudresourcemanager.googleapis.com/v1/projects/learning-pwa-app:testIamPermissions {}
[debug] [2025-07-25T18:04:51.700Z] [iam] error while checking permissions, command may fail: Authorization failed. This account is missing the following required permissions on project learning-pwa-app:

  firebase.projects.get
  firebasehosting.sites.update
[debug] [2025-07-25T18:04:51.700Z] Checked if tokens are valid: true, expires at: 1753470212705
[debug] [2025-07-25T18:04:51.700Z] Checked if tokens are valid: true, expires at: 1753470212705
[debug] [2025-07-25T18:04:51.700Z] >>> [apiv2][query] GET https://firebase.googleapis.com/v1beta1/projects/learning-pwa-app [none]
[debug] [2025-07-25T18:04:51.996Z] <<< [apiv2][status] GET https://firebase.googleapis.com/v1beta1/projects/learning-pwa-app 403
[debug] [2025-07-25T18:04:51.996Z] <<< [apiv2][body] GET https://firebase.googleapis.com/v1beta1/projects/learning-pwa-app {"error":{"code":403,"message":"The caller does not have permission","status":"PERMISSION_DENIED"}}
[debug] [2025-07-25T18:04:51.997Z] Request to https://firebase.googleapis.com/v1beta1/projects/learning-pwa-app had HTTP Error: 403, The caller does not have permission
[debug] [2025-07-25T18:04:52.083Z] FirebaseError: Request to https://firebase.googleapis.com/v1beta1/projects/learning-pwa-app had HTTP Error: 403, The caller does not have permission
    at responseToError (C:\Users\richa\AppData\Roaming\npm\node_modules\firebase-tools\lib\responseToError.js:52:12)
    at RetryOperation._fn (C:\Users\richa\AppData\Roaming\npm\node_modules\firebase-tools\lib\apiv2.js:312:77)
    at process.processTicksAndRejections (node:internal/process/task_queues:105:5)
[error] 
[error] Error: Failed to get Firebase project learning-pwa-app. Please make sure the project exists and your account has permission to access it.
